verify_lambda_grid_v3.py  (K3 SWARM Phase 3 LAMBDA-side / DER-027b successor)
provenance: v3 is the 1/80-rung repair of verify_lambda_grid_v2.py
  predecessor v2 sha256: 579ef6cd88d543ec14db45558e5e7c1899078095e0df295c7d46fd1810273831
  v2 status: hash-frozen, unpatched, receipted FAIL-CLOSED at the quotient gate
  (ratio Q_C(1/40)/Q_C2(1/20) = 3.5598022 outside the certified window [0.4, 2.5]);
  premise unproven, not disproven: the failure is consistent with the 1/20 reference
  rung being too coarse. v3 adds the 1/80 reference rung (aux C-rect) and re-evaluates
  Q(1/80)/Q(1/40) and Q(1/40)/Q(1/20) against the SAME window [0.4, 2.5] (frozen from v2).
object: r->0 limit window-integral intensity lambda(y) over arch lobes
exact-rung label: rung anchors r in {1/20, 1/40} are measured-grade (C020/C021);
this certificate evaluates the r->0 limit functional of C026/C027 (EXACT Laurent series).
all constants decimal-dps-70 unless labelled EXACT
== input integrity (sha256 labels) ==
  archived C027 sweep core40.json sha256: 0003756d4075bbfa881edfeac68d6cca7242c54cee2c551f2814fd57759b4c18
  archived input hash matches embedded label
  certificate script sha256: d54fc3bd8d5bf1445f16dd954fff6556c6f6d3998898efc42efe9387d313379e
== P0 kernel lattice-moment certificate (decimal-dps-70) ==
work order sha256: e699bf44b7b84fca88faa2b509c1686ea9f8e500aee0dbe618c859b5ec5ad2e2
  B_0 lattice 1.0  continuum 1.0  |diff| 0.000e+00
  B_1 lattice 1.2526577593204423917  continuum 1.2533141373155002512  |diff| 6.564e-04
  B_2 lattice 2.0  continuum 2.0  |diff| 1.141e-69
  B_3 lattice 3.7599482760979280265  continuum 3.7599424119465007536  |diff| 5.864e-06
  B_4 lattice 8.0  continuum 8.0  |diff| 4.781e-69
  B_5 lattice 18.799711833689593708  continuum 18.799712059732503768  |diff| 2.260e-07
  B_6 lattice 48.0  continuum 48.0  |diff| 6.085e-68
  spectral tail bound (|k|>30, moments to order 6): 2.870e-182
== DEN closed form (decimal-dps-70) ==
  DEN = 3.230978535287004948096246569018163150765
  engine DEN constant matches to 30 digits
== cross-validation vs archived C027 sweep core40 (12 stations) ==
  (-17/20,3/20): engine 0.0118200736627421 archived 0.0118200719626562 rel 1.438e-07
  (-33/40,11/40): engine 4.02343151382456 archived 4.0234309351328 rel 1.438e-07
  (-4/5,2/5): engine 1.89423953740654 archived 1.89423926495732 rel 1.438e-07
  (-3/4,1/5): engine 1.78186360538197 archived 1.78186334909582 rel 1.438e-07
  (-29/40,13/40): engine 2.72996930793696 archived 2.72996891528439 rel 1.438e-07
  (-7/10,9/20): engine 0.640364673823822 archived 0.640364581719917 rel 1.438e-07
  (-13/20,1/4): engine 3.4586984827708 archived 3.45869798530482 rel 1.438e-07
  (-5/8,3/8): engine 0.924099825032838 archived 0.924099692119193 rel 1.438e-07
  (-23/40,7/40): engine 2.30715755310841 archived 2.30715722126902 rel 1.438e-07
  (-11/20,3/10): engine 1.40921769185269 archived 1.40921748916435 rel 1.438e-07
  (-21/40,17/40): engine 0.196313004167377 archived 0.196312975931599 rel 1.438e-07
  (-19/40,9/40): engine 2.22022700754822 archived 2.22022668821209 rel 1.438e-07
  max rel diff 1.438e-07 (archived DEN truncation 1.44e-7 accounted)
== mirror symmetry y2 -> -y2 (3 pairs) ==
  (-17/20,3/20): 0.0118200736627 vs 0.0118200736627  |diff| 0.000e+00
  (-1/2,2/5): 0.21357617944 vs 0.21357617944  |diff| 0.000e+00
  (-3/2,1/5): 0.0 vs 0.0  |diff| 0.000e+00
== grid of record sweep (exact J2 jets, allowance 1e-12) ==
